[    1037ms] [ERROR] Failed to load resource: the server responded with a status of 500 (Internal Server Error) @ http://localhost:3000/en/onboarding:0
[    1115ms] [INFO] %cDownload the React DevTools for a better development experience: https://react.dev/link/react-devtools font-weight:bold @ http://localhost:3000/_next/static/chunks/node_modules_next_dist_1e8vcs8._.js:776
[    1161ms] [LOG] [HMR] connected @ http://localhost:3000/_next/static/chunks/node_modules_next_dist_1e8vcs8._.js:776
[    1200ms] [ERROR] In HTML, %s cannot be a child of <%s>.%s
This will cause a hydration error.%s <html> body  

  ...
    <HotReload globalError={[...]} webSocket={WebSocket} staticIndicatorState={{pathname:null, ...}}>
      <AppDevOverlayErrorBoundary globalError={[...]}>
        <ReplaySsrOnlyErrors>
        <DevRootHTTPAccessFallbackBoundary>
          <HTTPAccessFallbackBoundary notFound={<NotAllowedRootHTTPFallbackError>}>
            <HTTPAccessFallbackErrorBoundary pathname="/en/onboar..." notFound={<NotAllowedRootHTTPFallbackError>} ...>
              <RedirectBoundary>
                <RedirectErrorBoundary router={{...}}>
                  <Head>
                  <__next_root_layout_boundary__>
                    <SegmentViewNode type="layout" pagePath="layout.tsx">
                      <SegmentTrieNode>
                      <link>
                      <script>
                      <RootLayout>
                        <html lang="en" className="antialiased">
                          <head>
>                         <body className="bg-background text-on-background font-body-md min-h-screen">
                            ...
                              <SegmentViewNode type="layout" pagePath="[locale]/l...">
                                <SegmentTrieNode>
                                <link>
                                <script>
                                <RootLayout>
>                                 <html lang="en" className="antialiased">
                  ...
 @ http://localhost:3000/_next/static/chunks/node_modules_next_dist_1e8vcs8._.js:1052
[    1200ms] [ERROR] <%s> cannot contain a nested %s.
See this log for the ancestor stack trace. body <html> @ http://localhost:3000/_next/static/chunks/node_modules_next_dist_1e8vcs8._.js:1052
[    1211ms] [ERROR] You are mounting a new %s component when a previous one has not first unmounted. It is an error to render more than one %s component at a time and attributes and children of these components will likely fail in unpredictable ways. Please only render a single instance of <%s> and if you need to mount a new one, ensure any previous ones have unmounted first. html html html @ http://localhost:3000/_next/static/chunks/node_modules_next_dist_1e8vcs8._.js:1052
[    1211ms] [ERROR] You are mounting a new %s component when a previous one has not first unmounted. It is an error to render more than one %s component at a time and attributes and children of these components will likely fail in unpredictable ways. Please only render a single instance of <%s> and if you need to mount a new one, ensure any previous ones have unmounted first. head head head @ http://localhost:3000/_next/static/chunks/node_modules_next_dist_1e8vcs8._.js:1052
[    1212ms] [ERROR] You are mounting a new %s component when a previous one has not first unmounted. It is an error to render more than one %s component at a time and attributes and children of these components will likely fail in unpredictable ways. Please only render a single instance of <%s> and if you need to mount a new one, ensure any previous ones have unmounted first. body body body @ http://localhost:3000/_next/static/chunks/node_modules_next_dist_1e8vcs8._.js:1052
[    1212ms] [ERROR] %o

%s Error: Your project's URL and Key are required to create a Supabase client!

Check your Supabase project's API settings to find these values

https://supabase.com/dashboard/project/_/settings/api
    at createServerSupabaseClient (about://React/Server/D:%5C%D0%BF%D1%80%D0%BE%D0%B5%D0%BA%D1%82%D1%8B%5CUnikchoose%5C.next%5Cdev%5Cserver%5Cchunks%5Cssr%5C_1liaral._.js?0:754:208)
    at  OnboardingPage (about://React/Server/D:%5C%D0%BF%D1%80%D0%BE%D0%B5%D0%BA%D1%82%D1%8B%5CUnikchoose%5C.next%5Cdev%5Cserver%5Cchunks%5Cssr%5C%5Broot-of-the-server%5D__1ufxin4._.js?1:40:22)
    at resolveErrorDev (http://localhost:3000/_next/static/chunks/node_modules_next_dist_compiled_react-server-dom-turbopack_164kp-6._.js:1937:105)
    at processFullStringRow (http://localhost:3000/_next/static/chunks/node_modules_next_dist_compiled_react-server-dom-turbopack_164kp-6._.js:2456:29)
    at processFullBinaryRow (http://localhost:3000/_next/static/chunks/node_modules_next_dist_compiled_react-server-dom-turbopack_164kp-6._.js:2415:9)
    at processBinaryChunk (http://localhost:3000/_next/static/chunks/node_modules_next_dist_compiled_react-server-dom-turbopack_164kp-6._.js:2524:221)
    at progress (http://localhost:3000/_next/static/chunks/node_modules_next_dist_compiled_react-server-dom-turbopack_164kp-6._.js:2711:13) The above error occurred in the <OnboardingPage> component. It was handled by the <ErrorBoundaryHandler> error boundary. @ http://localhost:3000/_next/static/chunks/node_modules_next_dist_client_0_90u2t._.js:17462
[    1229ms] [ERROR] Error: Your project's URL and Key are required to create a Supabase client!

Check your Supabase project's API settings to find these values

https://supabase.com/dashboard/project/_/settings/api
    at createServerSupabaseClient (about://React/Server/D:%5C%D0%BF%D1%80%D0%BE%D0%B5%D0%BA%D1%82%D1%8B%5CUnikchoose%5C.next%5Cdev%5Cserver%5Cchunks%5Cssr%5C_1liaral._.js?0:754:208)
    at  OnboardingPage (about://React/Server/D:%5C%D0%BF%D1%80%D0%BE%D0%B5%D0%BA%D1%82%D1%8B%5CUnikchoose%5C.next%5Cdev%5Cserver%5Cchunks%5Cssr%5C%5Broot-of-the-server%5D__1ufxin4._.js?1:40:22)
    at resolveErrorDev (http://localhost:3000/_next/static/chunks/node_modules_next_dist_compiled_react-server-dom-turbopack_164kp-6._.js:1937:105)
    at processFullStringRow (http://localhost:3000/_next/static/chunks/node_modules_next_dist_compiled_react-server-dom-turbopack_164kp-6._.js:2456:29)
    at processFullBinaryRow (http://localhost:3000/_next/static/chunks/node_modules_next_dist_compiled_react-server-dom-turbopack_164kp-6._.js:2415:9)
    at processBinaryChunk (http://localhost:3000/_next/static/chunks/node_modules_next_dist_compiled_react-server-dom-turbopack_164kp-6._.js:2524:221)
    at progress (http://localhost:3000/_next/static/chunks/node_modules_next_dist_compiled_react-server-dom-turbopack_164kp-6._.js:2711:13) @ http://localhost:3000/_next/static/chunks/node_modules_next_dist_1e8vcs8._.js:1052
[  246018ms] [LOG] [Fast Refresh] done in 244601ms @ http://localhost:3000/_next/static/chunks/node_modules_next_dist_1e8vcs8._.js:776
[  246025ms] [LOG] [Fast Refresh] done in 244611ms @ http://localhost:3000/_next/static/chunks/node_modules_next_dist_1e8vcs8._.js:776
[  246518ms] [LOG] [Fast Refresh] rebuilding @ http://localhost:3000/_next/static/chunks/node_modules_next_dist_1e8vcs8._.js:776
[  246776ms] [LOG] [Fast Refresh] done in 172ms @ http://localhost:3000/_next/static/chunks/node_modules_next_dist_1e8vcs8._.js:776
[  246857ms] [LOG] [Fast Refresh] done in 172ms @ http://localhost:3000/_next/static/chunks/node_modules_next_dist_1e8vcs8._.js:776
[  247069ms] [LOG] [Fast Refresh] rebuilding @ http://localhost:3000/_next/static/chunks/node_modules_next_dist_1e8vcs8._.js:776
[  247765ms] [LOG] [Fast Refresh] done in 800ms @ http://localhost:3000/_next/static/chunks/node_modules_next_dist_1e8vcs8._.js:776
[  247769ms] [ERROR] Failed to load resource: the server responded with a status of 500 (Internal Server Error) @ http://localhost:3000/en/onboarding?_rsc=sdcB1VjkjsgRzVG3:0
[  247972ms] [LOG] [Fast Refresh] rebuilding @ http://localhost:3000/_next/static/chunks/node_modules_next_dist_1e8vcs8._.js:776
[  248060ms] [LOG] [Fast Refresh] done in 190ms @ http://localhost:3000/_next/static/chunks/node_modules_next_dist_1e8vcs8._.js:776
[  249876ms] [INFO] %cDownload the React DevTools for a better development experience: https://react.dev/link/react-devtools font-weight:bold @ http://localhost:3000/_next/static/chunks/node_modules_next_dist_1e8vcs8._.js:776
[  249903ms] [LOG] [HMR] connected @ http://localhost:3000/_next/static/chunks/node_modules_next_dist_1e8vcs8._.js:776
